// Vitest Snapshot v1, https://vitest.dev/guide/snapshot.html

exports[`engine: seed projection > matches the integer-digest snapshot 1`] = `
[
  {
    "age": 62,
    "baseline": 5922616,
    "best": 5996757,
    "cumulative_inflation_index": 1,
    "event_liquidation_proceeds": 0,
    "expenses_paid": 180000,
    "forced_sale_proceeds": 0,
    "income_received": 320000,
    "tax_ltcg": 0,
    "tax_ordinary": 102400,
    "taxes_paid": 102400,
    "worst": 5848475,
  },
  {
    "age": 63,
    "baseline": 6263740,
    "best": 6422131,
    "cumulative_inflation_index": 1.03,
    "event_liquidation_proceeds": 0,
    "expenses_paid": 185400,
    "forced_sale_proceeds": 0,
    "income_received": 329600,
    "tax_ltcg": 0,
    "tax_ordinary": 105472,
    "taxes_paid": 105472,
    "worst": 6107697,
  },
  {
    "age": 64,
    "baseline": 6506842,
    "best": 6750131,
    "cumulative_inflation_index": 1.0609,
    "event_liquidation_proceeds": 359792,
    "expenses_paid": 190962,
    "forced_sale_proceeds": 0,
    "income_received": 339488,
    "tax_ltcg": 72568,
    "tax_ordinary": 134236,
    "taxes_paid": 206804,
    "worst": 6270514,
  },
  {
    "age": 65,
    "baseline": 6811615,
    "best": 7153738,
    "cumulative_inflation_index": 1.092727,
    "event_liquidation_proceeds": 0,
    "expenses_paid": 224691,
    "forced_sale_proceeds": 0,
    "income_received": 349673,
    "tax_ltcg": 0,
    "tax_ordinary": 137495,
    "taxes_paid": 137495,
    "worst": 6484047,
  },
  {
    "age": 66,
    "baseline": 7133080,
    "best": 7585757,
    "cumulative_inflation_index": 1.125509,
    "event_liquidation_proceeds": 0,
    "expenses_paid": 231992,
    "forced_sale_proceeds": 0,
    "income_received": 360163,
    "tax_ltcg": 0,
    "tax_ordinary": 140852,
    "taxes_paid": 140852,
    "worst": 6705968,
  },
  {
    "age": 67,
    "baseline": 7472216,
    "best": 8048379,
    "cumulative_inflation_index": 1.159274,
    "event_liquidation_proceeds": 0,
    "expenses_paid": 239539,
    "forced_sale_proceeds": 0,
    "income_received": 370968,
    "tax_ltcg": 0,
    "tax_ordinary": 144310,
    "taxes_paid": 144310,
    "worst": 6936608,
  },
  {
    "age": 68,
    "baseline": 7561145,
    "best": 8272978,
    "cumulative_inflation_index": 1.194052,
    "event_liquidation_proceeds": 0,
    "expenses_paid": 247343,
    "forced_sale_proceeds": 0,
    "income_received": 0,
    "tax_ltcg": 0,
    "tax_ordinary": 25600,
    "taxes_paid": 25600,
    "worst": 6909469,
  },
  {
    "age": 69,
    "baseline": 7652415,
    "best": 8513341,
    "cumulative_inflation_index": 1.229874,
    "event_liquidation_proceeds": 0,
    "expenses_paid": 255411,
    "forced_sale_proceeds": 0,
    "income_received": 0,
    "tax_ltcg": 0,
    "tax_ordinary": 25600,
    "taxes_paid": 25600,
    "worst": 6876540,
  },
  {
    "age": 70,
    "baseline": 7786628,
    "best": 8813461,
    "cumulative_inflation_index": 1.26677,
    "event_liquidation_proceeds": 0,
    "expenses_paid": 263754,
    "forced_sale_proceeds": 48599,
    "income_received": 52000,
    "tax_ltcg": 5615,
    "tax_ordinary": 37040,
    "taxes_paid": 42655,
    "worst": 6876925,
  },
  {
    "age": 71,
    "baseline": 7925792,
    "best": 9132714,
    "cumulative_inflation_index": 1.304773,
    "event_liquidation_proceeds": 0,
    "expenses_paid": 272382,
    "forced_sale_proceeds": 248408,
    "income_received": 53300,
    "tax_ltcg": 28692,
    "tax_ordinary": 29326,
    "taxes_paid": 58018,
    "worst": 6875446,
  },
  {
    "age": 72,
    "baseline": 7084266,
    "best": 8232178,
    "cumulative_inflation_index": 1.343916,
    "event_liquidation_proceeds": 0,
    "expenses_paid": 281304,
    "forced_sale_proceeds": 256290,
    "income_received": 54632,
    "tax_ltcg": 25788,
    "tax_ordinary": 29619,
    "taxes_paid": 55407,
    "worst": 6096599,
  },
  {
    "age": 73,
    "baseline": 7165685,
    "best": 8482558,
    "cumulative_inflation_index": 1.384234,
    "event_liquidation_proceeds": 0,
    "expenses_paid": 290531,
    "forced_sale_proceeds": 246852,
    "income_received": 55998,
    "tax_ltcg": 15065,
    "tax_ordinary": 12320,
    "taxes_paid": 27384,
    "worst": 6052965,
  },
  {
    "age": 74,
    "baseline": 7238360,
    "best": 8736528,
    "cumulative_inflation_index": 1.425761,
    "event_liquidation_proceeds": 0,
    "expenses_paid": 300074,
    "forced_sale_proceeds": 255303,
    "income_received": 57398,
    "tax_ltcg": 19710,
    "tax_ordinary": 12628,
    "taxes_paid": 32337,
    "worst": 5995789,
  },
  {
    "age": 75,
    "baseline": 7016194,
    "best": 8655176,
    "cumulative_inflation_index": 1.468534,
    "event_liquidation_proceeds": 3469233,
    "expenses_paid": 309945,
    "forced_sale_proceeds": 0,
    "income_received": 58833,
    "tax_ltcg": 284261,
    "tax_ordinary": 12943,
    "taxes_paid": 297205,
    "worst": 5686970,
  },
  {
    "age": 76,
    "baseline": 7077373,
    "best": 8926763,
    "cumulative_inflation_index": 1.51259,
    "event_liquidation_proceeds": 0,
    "expenses_paid": 320156,
    "forced_sale_proceeds": 0,
    "income_received": 60304,
    "tax_ltcg": 0,
    "tax_ordinary": 13267,
    "taxes_paid": 13267,
    "worst": 5605715,
  },
  {
    "age": 77,
    "baseline": 7137701,
    "best": 9216582,
    "cumulative_inflation_index": 1.557967,
    "event_liquidation_proceeds": 0,
    "expenses_paid": 330718,
    "forced_sale_proceeds": 0,
    "income_received": 61812,
    "tax_ltcg": 0,
    "tax_ordinary": 13599,
    "taxes_paid": 13599,
    "worst": 5514826,
  },
  {
    "age": 78,
    "baseline": 7197268,
    "best": 9526523,
    "cumulative_inflation_index": 1.604706,
    "event_liquidation_proceeds": 0,
    "expenses_paid": 341645,
    "forced_sale_proceeds": 0,
    "income_received": 63357,
    "tax_ltcg": 0,
    "tax_ordinary": 13939,
    "taxes_paid": 13939,
    "worst": 5413808,
  },
  {
    "age": 79,
    "baseline": 7256184,
    "best": 9858681,
    "cumulative_inflation_index": 1.652848,
    "event_liquidation_proceeds": 0,
    "expenses_paid": 352951,
    "forced_sale_proceeds": 0,
    "income_received": 64941,
    "tax_ltcg": 0,
    "tax_ordinary": 14287,
    "taxes_paid": 14287,
    "worst": 5302140,
  },
  {
    "age": 80,
    "baseline": 7314582,
    "best": 10215365,
    "cumulative_inflation_index": 1.702433,
    "event_liquidation_proceeds": 0,
    "expenses_paid": 364648,
    "forced_sale_proceeds": 0,
    "income_received": 66564,
    "tax_ltcg": 0,
    "tax_ordinary": 14644,
    "taxes_paid": 14644,
    "worst": 5179283,
  },
  {
    "age": 81,
    "baseline": 7372625,
    "best": 10599128,
    "cumulative_inflation_index": 1.753506,
    "event_liquidation_proceeds": 0,
    "expenses_paid": 376752,
    "forced_sale_proceeds": 0,
    "income_received": 68229,
    "tax_ltcg": 0,
    "tax_ordinary": 15010,
    "taxes_paid": 15010,
    "worst": 5044675,
  },
  {
    "age": 82,
    "baseline": 7430506,
    "best": 11012784,
    "cumulative_inflation_index": 1.806111,
    "event_liquidation_proceeds": 0,
    "expenses_paid": 389277,
    "forced_sale_proceeds": 0,
    "income_received": 69934,
    "tax_ltcg": 0,
    "tax_ordinary": 15386,
    "taxes_paid": 15386,
    "worst": 4897728,
  },
  {
    "age": 83,
    "baseline": 7488451,
    "best": 11459441,
    "cumulative_inflation_index": 1.860295,
    "event_liquidation_proceeds": 0,
    "expenses_paid": 402238,
    "forced_sale_proceeds": 0,
    "income_received": 71683,
    "tax_ltcg": 0,
    "tax_ordinary": 15770,
    "taxes_paid": 15770,
    "worst": 4737832,
  },
  {
    "age": 84,
    "baseline": 7546724,
    "best": 11942522,
    "cumulative_inflation_index": 1.916103,
    "event_liquidation_proceeds": 0,
    "expenses_paid": 415653,
    "forced_sale_proceeds": 0,
    "income_received": 73475,
    "tax_ltcg": 0,
    "tax_ordinary": 16164,
    "taxes_paid": 16164,
    "worst": 4564349,
  },
  {
    "age": 85,
    "baseline": 7605631,
    "best": 12465802,
    "cumulative_inflation_index": 1.973587,
    "event_liquidation_proceeds": 0,
    "expenses_paid": 429538,
    "forced_sale_proceeds": 0,
    "income_received": 75312,
    "tax_ltcg": 0,
    "tax_ordinary": 16569,
    "taxes_paid": 16569,
    "worst": 4376617,
  },
  {
    "age": 86,
    "baseline": 7665520,
    "best": 13033439,
    "cumulative_inflation_index": 2.032794,
    "event_liquidation_proceeds": 0,
    "expenses_paid": 443910,
    "forced_sale_proceeds": 0,
    "income_received": 77194,
    "tax_ltcg": 0,
    "tax_ordinary": 16983,
    "taxes_paid": 16983,
    "worst": 4171632,
  },
  {
    "age": 87,
    "baseline": 7726792,
    "best": 13650010,
    "cumulative_inflation_index": 2.093778,
    "event_liquidation_proceeds": 0,
    "expenses_paid": 458787,
    "forced_sale_proceeds": 0,
    "income_received": 79124,
    "tax_ltcg": 0,
    "tax_ordinary": 17407,
    "taxes_paid": 17407,
    "worst": 3948835,
  },
  {
    "age": 88,
    "baseline": 7778068,
    "best": 14320558,
    "cumulative_inflation_index": 2.156591,
    "event_liquidation_proceeds": 0,
    "expenses_paid": 474189,
    "forced_sale_proceeds": 338065,
    "income_received": 81102,
    "tax_ltcg": 32153,
    "tax_ordinary": 17842,
    "taxes_paid": 49995,
    "worst": 3589143,
  },
  {
    "age": 89,
    "baseline": 7815568,
    "best": 15050629,
    "cumulative_inflation_index": 2.221289,
    "event_liquidation_proceeds": 0,
    "expenses_paid": 490135,
    "forced_sale_proceeds": 425294,
    "income_received": 83130,
    "tax_ltcg": 32566,
    "tax_ordinary": 18289,
    "taxes_paid": 50855,
    "worst": 3181343,
  },
  {
    "age": 90,
    "baseline": 7845432,
    "best": 15831735,
    "cumulative_inflation_index": 2.287928,
    "event_liquidation_proceeds": 0,
    "expenses_paid": 506645,
    "forced_sale_proceeds": 440183,
    "income_received": 85208,
    "tax_ltcg": 23171,
    "tax_ordinary": 18746,
    "taxes_paid": 41916,
    "worst": 2742505,
  },
  {
    "age": 91,
    "baseline": 7872690,
    "best": 16661821,
    "cumulative_inflation_index": 2.356566,
    "event_liquidation_proceeds": 0,
    "expenses_paid": 523741,
    "forced_sale_proceeds": 455617,
    "income_received": 87338,
    "tax_ltcg": 31903,
    "tax_ordinary": 19214,
    "taxes_paid": 51117,
    "worst": 2330356,
  },
  {
    "age": 92,
    "baseline": 7760189,
    "best": 17544464,
    "cumulative_inflation_index": 2.427262,
    "event_liquidation_proceeds": 0,
    "expenses_paid": 541444,
    "forced_sale_proceeds": 471617,
    "income_received": 89522,
    "tax_ltcg": 0,
    "tax_ordinary": 136427,
    "taxes_paid": 136427,
    "worst": 1951676,
  },
  {
    "age": 93,
    "baseline": 7598266,
    "best": 18483527,
    "cumulative_inflation_index": 2.50008,
    "event_liquidation_proceeds": 0,
    "expenses_paid": 559778,
    "forced_sale_proceeds": 488205,
    "income_received": 91760,
    "tax_ltcg": 0,
    "tax_ordinary": 157886,
    "taxes_paid": 157886,
    "worst": 1536644,
  },
  {
    "age": 94,
    "baseline": 7399999,
    "best": 19483183,
    "cumulative_inflation_index": 2.575083,
    "event_liquidation_proceeds": 0,
    "expenses_paid": 578767,
    "forced_sale_proceeds": 505405,
    "income_received": 94054,
    "tax_ltcg": 0,
    "tax_ordinary": 163242,
    "taxes_paid": 163242,
    "worst": 1082801,
  },
  {
    "age": 95,
    "baseline": 7161914,
    "best": 20547948,
    "cumulative_inflation_index": 2.652335,
    "event_liquidation_proceeds": 0,
    "expenses_paid": 598435,
    "forced_sale_proceeds": 523239,
    "income_received": 96405,
    "tax_ltcg": 0,
    "tax_ordinary": 168789,
    "taxes_paid": 168789,
    "worst": 587540,
  },
]
`;
