// Vitest Snapshot v1, https://vitest.dev/guide/snapshot.html

exports[`engine: seed projection > matches the integer-digest snapshot 1`] = `
[
  {
    "age": 62,
    "baseline": 5940274,
    "best": 6014552,
    "cumulative_inflation_index": 1,
    "embedded_gain": 2036374,
    "event_liquidation_proceeds": 0,
    "expenses_paid": 180000,
    "forced_sale_proceeds": 0,
    "income_received": 320000,
    "tax_ltcg": 0,
    "tax_ordinary": 85339,
    "taxes_paid": 85339,
    "worst": 5865997,
  },
  {
    "age": 63,
    "baseline": 6299546,
    "best": 6458356,
    "cumulative_inflation_index": 1.03,
    "embedded_gain": 2263493,
    "event_liquidation_proceeds": 0,
    "expenses_paid": 185400,
    "forced_sale_proceeds": 0,
    "income_received": 329600,
    "tax_ltcg": 0,
    "tax_ordinary": 88536,
    "taxes_paid": 88536,
    "worst": 6143085,
  },
  {
    "age": 64,
    "baseline": 6560379,
    "best": 6803600,
    "cumulative_inflation_index": 1.0609,
    "embedded_gain": 2873377,
    "event_liquidation_proceeds": 457960,
    "expenses_paid": 190962,
    "forced_sale_proceeds": 0,
    "income_received": 339488,
    "tax_ltcg": 70424,
    "tax_ordinary": 120459,
    "taxes_paid": 190883,
    "worst": 6324098,
  },
  {
    "age": 65,
    "baseline": 6869649,
    "best": 7212149,
    "cumulative_inflation_index": 1.092727,
    "embedded_gain": 3066567,
    "event_liquidation_proceeds": 0,
    "expenses_paid": 224691,
    "forced_sale_proceeds": 0,
    "income_received": 349673,
    "tax_ltcg": 0,
    "tax_ordinary": 134962,
    "taxes_paid": 134962,
    "worst": 6541680,
  },
  {
    "age": 66,
    "baseline": 7194757,
    "best": 7648305,
    "cumulative_inflation_index": 1.125509,
    "embedded_gain": 3267943,
    "event_liquidation_proceeds": 0,
    "expenses_paid": 231992,
    "forced_sale_proceeds": 0,
    "income_received": 360163,
    "tax_ltcg": 0,
    "tax_ordinary": 139294,
    "taxes_paid": 139294,
    "worst": 6766757,
  },
  {
    "age": 67,
    "baseline": 7536625,
    "best": 8114194,
    "cumulative_inflation_index": 1.159274,
    "embedded_gain": 3477908,
    "event_liquidation_proceeds": 0,
    "expenses_paid": 239539,
    "forced_sale_proceeds": 0,
    "income_received": 370968,
    "tax_ltcg": 0,
    "tax_ordinary": 143756,
    "taxes_paid": 143756,
    "worst": 6999607,
  },
  {
    "age": 68,
    "baseline": 7642828,
    "best": 8356759,
    "cumulative_inflation_index": 1.194052,
    "embedded_gain": 3443488,
    "event_liquidation_proceeds": 0,
    "expenses_paid": 247343,
    "forced_sale_proceeds": 0,
    "income_received": 0,
    "tax_ltcg": 0,
    "tax_ordinary": 11088,
    "taxes_paid": 11088,
    "worst": 6989072,
  },
  {
    "age": 69,
    "baseline": 7751977,
    "best": 8615860,
    "cumulative_inflation_index": 1.229874,
    "embedded_gain": 3402700,
    "event_liquidation_proceeds": 0,
    "expenses_paid": 255411,
    "forced_sale_proceeds": 0,
    "income_received": 0,
    "tax_ltcg": 0,
    "tax_ordinary": 11088,
    "taxes_paid": 11088,
    "worst": 6973196,
  },
  {
    "age": 70,
    "baseline": 7910183,
    "best": 8939342,
    "cumulative_inflation_index": 1.26677,
    "embedded_gain": 3509472,
    "event_liquidation_proceeds": 0,
    "expenses_paid": 263754,
    "forced_sale_proceeds": 0,
    "income_received": 52000,
    "tax_ltcg": 0,
    "tax_ordinary": 18868,
    "taxes_paid": 18868,
    "worst": 6997126,
  },
  {
    "age": 71,
    "baseline": 8228703,
    "best": 9390390,
    "cumulative_inflation_index": 1.304773,
    "embedded_gain": 3569228,
    "event_liquidation_proceeds": 0,
    "expenses_paid": 272382,
    "forced_sale_proceeds": 166681,
    "income_received": 53300,
    "tax_ltcg": 7583,
    "tax_ordinary": 23834,
    "taxes_paid": 31417,
    "worst": 7220735,
  },
  {
    "age": 72,
    "baseline": 7470305,
    "best": 8621048,
    "cumulative_inflation_index": 1.343916,
    "embedded_gain": 3315173,
    "event_liquidation_proceeds": 0,
    "expenses_paid": 281304,
    "forced_sale_proceeds": 86296,
    "income_received": 54632,
    "tax_ltcg": 0,
    "tax_ordinary": 19447,
    "taxes_paid": 19447,
    "worst": 6472639,
  },
  {
    "age": 73,
    "baseline": 7738458,
    "best": 9020948,
    "cumulative_inflation_index": 1.384234,
    "embedded_gain": 3368590,
    "event_liquidation_proceeds": 0,
    "expenses_paid": 290531,
    "forced_sale_proceeds": 151459,
    "income_received": 55998,
    "tax_ltcg": 3432,
    "tax_ordinary": 6243,
    "taxes_paid": 9675,
    "worst": 6654322,
  },
  {
    "age": 74,
    "baseline": 7957113,
    "best": 9474370,
    "cumulative_inflation_index": 1.425761,
    "embedded_gain": 3480464,
    "event_liquidation_proceeds": 0,
    "expenses_paid": 300074,
    "forced_sale_proceeds": 95878,
    "income_received": 57398,
    "tax_ltcg": 0,
    "tax_ordinary": 6411,
    "taxes_paid": 6411,
    "worst": 6684015,
  },
  {
    "age": 75,
    "baseline": 7669309,
    "best": 9311272,
    "cumulative_inflation_index": 1.468534,
    "embedded_gain": 4040558,
    "event_liquidation_proceeds": 3753495,
    "expenses_paid": 309945,
    "forced_sale_proceeds": 0,
    "income_received": 58833,
    "tax_ltcg": 386191,
    "tax_ordinary": 19687,
    "taxes_paid": 405878,
    "worst": 6321995,
  },
  {
    "age": 76,
    "baseline": 7783282,
    "best": 9648270,
    "cumulative_inflation_index": 1.51259,
    "embedded_gain": 3971902,
    "event_liquidation_proceeds": 0,
    "expenses_paid": 320156,
    "forced_sale_proceeds": 0,
    "income_received": 60304,
    "tax_ltcg": 0,
    "tax_ordinary": 6759,
    "taxes_paid": 6759,
    "worst": 6279975,
  },
  {
    "age": 77,
    "baseline": 7900034,
    "best": 10009206,
    "cumulative_inflation_index": 1.557967,
    "embedded_gain": 3893967,
    "event_liquidation_proceeds": 0,
    "expenses_paid": 330718,
    "forced_sale_proceeds": 0,
    "income_received": 61812,
    "tax_ltcg": 0,
    "tax_ordinary": 6940,
    "taxes_paid": 6940,
    "worst": 6230307,
  },
  {
    "age": 78,
    "baseline": 8019897,
    "best": 10396467,
    "cumulative_inflation_index": 1.604706,
    "embedded_gain": 3806271,
    "event_liquidation_proceeds": 0,
    "expenses_paid": 341645,
    "forced_sale_proceeds": 0,
    "income_received": 63357,
    "tax_ltcg": 0,
    "tax_ordinary": 7126,
    "taxes_paid": 7126,
    "worst": 6172588,
  },
  {
    "age": 79,
    "baseline": 8143241,
    "best": 10812687,
    "cumulative_inflation_index": 1.652848,
    "embedded_gain": 3708315,
    "event_liquidation_proceeds": 0,
    "expenses_paid": 352951,
    "forced_sale_proceeds": 0,
    "income_received": 64941,
    "tax_ltcg": 0,
    "tax_ordinary": 7316,
    "taxes_paid": 7316,
    "worst": 6106402,
  },
  {
    "age": 80,
    "baseline": 8270481,
    "best": 11260761,
    "cumulative_inflation_index": 1.702433,
    "embedded_gain": 3599581,
    "event_liquidation_proceeds": 0,
    "expenses_paid": 364648,
    "forced_sale_proceeds": 0,
    "income_received": 66564,
    "tax_ltcg": 0,
    "tax_ordinary": 7511,
    "taxes_paid": 7511,
    "worst": 6031313,
  },
  {
    "age": 81,
    "baseline": 8402076,
    "best": 11743881,
    "cumulative_inflation_index": 1.753506,
    "embedded_gain": 3479535,
    "event_liquidation_proceeds": 0,
    "expenses_paid": 376752,
    "forced_sale_proceeds": 0,
    "income_received": 68229,
    "tax_ltcg": 0,
    "tax_ordinary": 7710,
    "taxes_paid": 7710,
    "worst": 5946869,
  },
  {
    "age": 82,
    "baseline": 8538538,
    "best": 12265557,
    "cumulative_inflation_index": 1.806111,
    "embedded_gain": 3347626,
    "event_liquidation_proceeds": 0,
    "expenses_paid": 389277,
    "forced_sale_proceeds": 0,
    "income_received": 69934,
    "tax_ltcg": 0,
    "tax_ordinary": 7915,
    "taxes_paid": 7915,
    "worst": 5852600,
  },
  {
    "age": 83,
    "baseline": 8680433,
    "best": 12829649,
    "cumulative_inflation_index": 1.860295,
    "embedded_gain": 3203284,
    "event_liquidation_proceeds": 0,
    "expenses_paid": 402238,
    "forced_sale_proceeds": 0,
    "income_received": 71683,
    "tax_ltcg": 0,
    "tax_ordinary": 8125,
    "taxes_paid": 8125,
    "worst": 5748016,
  },
  {
    "age": 84,
    "baseline": 8828388,
    "best": 13440407,
    "cumulative_inflation_index": 1.916103,
    "embedded_gain": 3045923,
    "event_liquidation_proceeds": 0,
    "expenses_paid": 415653,
    "forced_sale_proceeds": 0,
    "income_received": 73475,
    "tax_ltcg": 0,
    "tax_ordinary": 8340,
    "taxes_paid": 8340,
    "worst": 5632606,
  },
  {
    "age": 85,
    "baseline": 8983095,
    "best": 14102498,
    "cumulative_inflation_index": 1.973587,
    "embedded_gain": 2874937,
    "event_liquidation_proceeds": 0,
    "expenses_paid": 429538,
    "forced_sale_proceeds": 0,
    "income_received": 75312,
    "tax_ltcg": 0,
    "tax_ordinary": 8560,
    "taxes_paid": 8560,
    "worst": 5505842,
  },
  {
    "age": 86,
    "baseline": 9145319,
    "best": 14821056,
    "cumulative_inflation_index": 2.032794,
    "embedded_gain": 2689704,
    "event_liquidation_proceeds": 0,
    "expenses_paid": 443910,
    "forced_sale_proceeds": 0,
    "income_received": 77194,
    "tax_ltcg": 0,
    "tax_ordinary": 8786,
    "taxes_paid": 8786,
    "worst": 5511901,
  },
  {
    "age": 87,
    "baseline": 9315901,
    "best": 15601719,
    "cumulative_inflation_index": 2.093778,
    "embedded_gain": 2500554,
    "event_liquidation_proceeds": 0,
    "expenses_paid": 458787,
    "forced_sale_proceeds": 0,
    "income_received": 79124,
    "tax_ltcg": 0,
    "tax_ordinary": 9018,
    "taxes_paid": 9018,
    "worst": 5587314,
  },
  {
    "age": 88,
    "baseline": 9709364,
    "best": 16450683,
    "cumulative_inflation_index": 2.156591,
    "embedded_gain": 2487516,
    "event_liquidation_proceeds": 0,
    "expenses_paid": 474189,
    "forced_sale_proceeds": 233312,
    "income_received": 81102,
    "tax_ltcg": 14371,
    "tax_ordinary": 13935,
    "taxes_paid": 28306,
    "worst": 5591125,
  },
  {
    "age": 89,
    "baseline": 10084902,
    "best": 17374752,
    "cumulative_inflation_index": 2.221289,
    "embedded_gain": 2441000,
    "event_liquidation_proceeds": 0,
    "expenses_paid": 490135,
    "forced_sale_proceeds": 194744,
    "income_received": 83130,
    "tax_ltcg": 5970,
    "tax_ordinary": 11371,
    "taxes_paid": 17341,
    "worst": 5647780,
  },
  {
    "age": 90,
    "baseline": 10513949,
    "best": 18513095,
    "cumulative_inflation_index": 2.287928,
    "embedded_gain": 2509660,
    "event_liquidation_proceeds": 0,
    "expenses_paid": 506645,
    "forced_sale_proceeds": 237742,
    "income_received": 85208,
    "tax_ltcg": 5486,
    "tax_ordinary": 11620,
    "taxes_paid": 17106,
    "worst": 5647597,
  },
  {
    "age": 91,
    "baseline": 10912989,
    "best": 19878082,
    "cumulative_inflation_index": 2.356566,
    "embedded_gain": 2428046,
    "event_liquidation_proceeds": 0,
    "expenses_paid": 523741,
    "forced_sale_proceeds": 207958,
    "income_received": 87338,
    "tax_ltcg": 13081,
    "tax_ordinary": 14684,
    "taxes_paid": 27765,
    "worst": 5691225,
  },
  {
    "age": 92,
    "baseline": 11372499,
    "best": 21234079,
    "cumulative_inflation_index": 2.427262,
    "embedded_gain": 2374566,
    "event_liquidation_proceeds": 0,
    "expenses_paid": 541444,
    "forced_sale_proceeds": 265334,
    "income_received": 89522,
    "tax_ltcg": 20535,
    "tax_ordinary": 14946,
    "taxes_paid": 35481,
    "worst": 5675464,
  },
  {
    "age": 93,
    "baseline": 11812916,
    "best": 22797159,
    "cumulative_inflation_index": 2.50008,
    "embedded_gain": 2267445,
    "event_liquidation_proceeds": 0,
    "expenses_paid": 559778,
    "forced_sale_proceeds": 230030,
    "income_received": 91760,
    "tax_ltcg": 15582,
    "tax_ordinary": 15214,
    "taxes_paid": 30796,
    "worst": 5699463,
  },
  {
    "age": 94,
    "baseline": 12304525,
    "best": 24399178,
    "cumulative_inflation_index": 2.575083,
    "embedded_gain": 2174606,
    "event_liquidation_proceeds": 0,
    "expenses_paid": 578767,
    "forced_sale_proceeds": 278413,
    "income_received": 94054,
    "tax_ltcg": 21593,
    "tax_ordinary": 18297,
    "taxes_paid": 39890,
    "worst": 5682915,
  },
  {
    "age": 95,
    "baseline": 12791603,
    "best": 26205094,
    "cumulative_inflation_index": 2.652335,
    "embedded_gain": 2037798,
    "event_liquidation_proceeds": 0,
    "expenses_paid": 598435,
    "forced_sale_proceeds": 255063,
    "income_received": 96405,
    "tax_ltcg": 18042,
    "tax_ordinary": 15772,
    "taxes_paid": 33814,
    "worst": 5634624,
  },
]
`;
